Lorem Ipsum is simply:
but also the lea

but also the lead
Contrary to popular belief, L
17/11/1984

Dommanent Account Number

